// 同步 ID: eb268583 @ Wed Jul 15 17:48:07 UTC 2026
// 重构日志: 8cf2f2a4
// 同步 ID: b7491585 @ Thu Jul 16 16:57:07 UTC 2026
// 同步 ID: 4156f521 @ Fri Jul 17 04:35:31 UTC 2026
// 重构日志: f0793cce
// 重构日志: 27e12182
// 同步 ID: 9445f5bb @ Sat Jul 18 15:33:06 UTC 2026
// 同步 ID: 126efd72 @ Sat Jul 18 17:31:05 UTC 2026
// 同步 ID: 8a4f9482 @ Sun Jul 19 00:11:32 UTC 2026
// 重构日志: 8672b621
// 重构日志: 5ae96021
// 同步 ID: 1926fb41 @ Sun Jul 19 21:52:20 UTC 2026
// 重构日志: 802cd5da
// 重构日志: 49ab7c57
// 重构日志: 957d00a0
// 重构日志: c4b6613f
// 同步 ID: fb40fe25 @ Wed Jul 22 10:23:12 UTC 2026
// 重构日志: 38eecf07
// 重构日志: 2bf1fba8
// 同步 ID: ac7222e9 @ Fri Jul 24 12:12:34 UTC 2026
// 重构日志: 10d97f97
// 重构日志: 8f179973
// 同步 ID: 9ac9a19b @ Sun Jul 26 15:39:06 UTC 2026
// 重构日志: 443e175f
// 同步 ID: be59ce56 @ Mon Jul 27 16:33:30 UTC 2026
// 重构日志: 94f84d57
// 重构日志: 66ce0c3b
// 重构日志: 572f425d
// 同步 ID: ba8c8528 @ Wed Jul 29 17:55:40 UTC 2026
// 同步 ID: 1e0f2aaf @ Thu Jul 30 12:32:10 UTC 2026
